Already up to date
Done in 293ms using pnpm v11.9.0
Using secrets defined in dist\server\.dev.vars
  [32m➜[39m  [1mLocal[22m:   [36mhttp://127.0.0.1:[1m3100[22m/[39m
  [32m➜[39m  [1mDebug[22m:   [2m[33mhttp://127.0.0.1:[1m3100[22m[2m/__debug[39m[22m
✨ Parsed 2 valid header rules.
GET /portfolio/ 200 OK (135ms)
GET /assets/index-tjbY1PXN.css 200 OK (7ms)
GET /assets/layout-segment-context-CWKlU71t.js 200 OK (2ms)
GET /assets/index-DTjNHCmE.js 200 OK (2ms)
GET /assets/rolldown-runtime-S-ySWqyJ.js 200 OK (3ms)
GET /assets/PortfolioClient-BHOPeS1E.js 200 OK (2ms)
GET /assets/framework-CXnKph_e.js 200 OK (2ms)
GET /assets/link-CRBR8W9e.js 200 OK (2ms)
GET /api/auth/discord 302 Found (2ms)
GET /api/session 200 OK (3ms)
GET /portfolio/ 200 OK (55ms)
GET /api/auth/discord 302 Found (3ms)
GET /katalog/ 200 OK (33ms)
GET /katalog/ 200 OK (22ms)
GET /assets/index-tjbY1PXN.css 200 OK (2ms)
GET /assets/layout-segment-context-CWKlU71t.js 200 OK (2ms)
GET /assets/rolldown-runtime-S-ySWqyJ.js 200 OK (2ms)
GET /assets/index-DTjNHCmE.js 200 OK (2ms)
GET /assets/framework-CXnKph_e.js 200 OK (2ms)
GET /assets/CatalogClient-BD7lDKf3.js 200 OK (2ms)
GET /assets/link-CRBR8W9e.js 200 OK (2ms)
GET /catalog-products/036d70e8de9736a7.png 200 OK (8ms)
GET /catalog-products/8447d33fbd011d6e.png 200 OK (10ms)
GET /catalog-products/8662f06eacf0afda.png 200 OK (9ms)
GET /catalog-products/f9e32c6b40db5511.png 200 OK (8ms)
GET /catalog-products/0f7ead04c5806acb.png 200 OK (9ms)
GET /catalog-products/54ffb4d15709ae8b.png 200 OK (9ms)
GET /catalog-products/9a0a6cb0f1e2400e.png 200 OK (8ms)
GET /catalog-products/a165200b88a196e0.png 200 OK (8ms)
GET /catalog-products/b7f4b9e0a1d25c62.png 200 OK (9ms)
GET /catalog-products/1c281724741ab59a.png 200 OK (8ms)
GET /catalog-products/1d5bcc7209d238cf.png 200 OK (9ms)
GET /catalog-products/eb17002dc70ff654.png 200 OK (10ms)
GET /katalog.rsc 200 OK (9ms)
GET /.rsc 200 OK (6ms)
GET /pro-eshopy.rsc 200 OK (6ms)
GET /portfolio.rsc 200 OK (39ms)
GET /katalog/ 200 OK (21ms)
GET /assets/framework-CXnKph_e.js 304 Not Modified (10ms)
GET /assets/index-tjbY1PXN.css 304 Not Modified (3ms)
GET /assets/CatalogClient-BD7lDKf3.js 304 Not Modified (9ms)
GET /assets/index-DTjNHCmE.js 304 Not Modified (10ms)
GET /assets/layout-segment-context-CWKlU71t.js 304 Not Modified (10ms)
GET /assets/rolldown-runtime-S-ySWqyJ.js 304 Not Modified (10ms)
GET /assets/link-CRBR8W9e.js 304 Not Modified (3ms)
GET /catalog-products/036d70e8de9736a7.png 304 Not Modified (2ms)
GET /catalog-products/54ffb4d15709ae8b.png 304 Not Modified (2ms)
GET /catalog-products/8447d33fbd011d6e.png 304 Not Modified (2ms)
GET /catalog-products/8662f06eacf0afda.png 304 Not Modified (7ms)
GET /catalog-products/f9e32c6b40db5511.png 304 Not Modified (2ms)
GET /catalog-products/0f7ead04c5806acb.png 304 Not Modified (2ms)
GET /catalog-products/9a0a6cb0f1e2400e.png 304 Not Modified (2ms)
GET /catalog-products/a165200b88a196e0.png 304 Not Modified (2ms)
GET /catalog-products/b7f4b9e0a1d25c62.png 304 Not Modified (2ms)
GET /catalog-products/1c281724741ab59a.png 304 Not Modified (3ms)
GET /catalog-products/eb17002dc70ff654.png 304 Not Modified (3ms)
GET /catalog-products/1d5bcc7209d238cf.png 304 Not Modified (2ms)
GET /.rsc 200 OK (5ms)
GET /katalog.rsc 200 OK (7ms)
GET /portfolio.rsc 200 OK (32ms)
GET /pro-eshopy.rsc 200 OK (4ms)
GET /assets/PortfolioClient-BHOPeS1E.js 200 OK (2ms)
GET /.rsc 200 OK (4ms)
GET /portfolio.rsc 200 OK (39ms)
GET /pro-eshopy.rsc 200 OK (39ms)
GET /katalog.rsc 200 OK (40ms)
GET /api/auth/discord 302 Found (2ms)
GET /portfolio/ 200 OK (48ms)
GET /assets/rolldown-runtime-S-ySWqyJ.js 304 Not Modified (6ms)
GET /assets/index-tjbY1PXN.css 304 Not Modified (2ms)
GET /assets/index-DTjNHCmE.js 304 Not Modified (5ms)
GET /assets/layout-segment-context-CWKlU71t.js 304 Not Modified (6ms)
GET /assets/framework-CXnKph_e.js 304 Not Modified (4ms)
GET /assets/PortfolioClient-BHOPeS1E.js 304 Not Modified (2ms)
GET /assets/link-CRBR8W9e.js 304 Not Modified (3ms)
GET /pro-eshopy.rsc 200 OK (40ms)
GET /.rsc 200 OK (4ms)
GET /katalog.rsc 200 OK (41ms)
GET /portfolio.rsc 200 OK (41ms)
GET /api/auth/discord/callback 400 Bad Request (2ms)
GET /.rsc 200 OK (4ms)
GET /assets/image-WnvTXEYb.js 200 OK (2ms)
GET /chaos-rising-etb.png 200 OK (9ms)
