Already up to date
Done in 260ms using pnpm v11.9.0
Using secrets defined in dist\server\.dev.vars
  [32m➜[39m  [1mLocal[22m:   [36mhttp://localhost:[1m3100[22m/[39m
  [32m➜[39m  [1mDebug[22m:   [2m[33mhttp://localhost:[1m3100[22m[2m/__debug[39m[22m
✨ Parsed 2 valid header rules.
GET /katalog/ 200 OK (83ms)
GET /assets/index-DtG3hL7m.css 200 OK (4ms)
GET /assets/index-ChhQgeSb.js 200 OK (3ms)
GET /assets/layout-segment-context-Btro8JKq.js 200 OK (3ms)
GET /assets/framework-CXnKph_e.js 200 OK (2ms)
GET /assets/rolldown-runtime-S-ySWqyJ.js 200 OK (2ms)
GET /assets/ScrollNavState-CdgGACkl.js 200 OK (2ms)
GET /assets/CatalogClient-Cli9L1g4.js 200 OK (2ms)
GET /assets/AuthMenu-DLsVU7Dc.js 200 OK (2ms)
GET /assets/link-BXJd9q99.js 200 OK (2ms)
GET /assets/x-C4BxWYRw.js 200 OK (4ms)
GET /assets/image-Cv66Dk2C.js 200 OK (2ms)
GET /assets/Icon-BqjABx61.js 200 OK (3ms)
GET /catalog-products/036d70e8de9736a7.png 304 Not Modified (34ms)
GET /catalog-products/54ffb4d15709ae8b.png 304 Not Modified (8ms)
GET /catalog-products/f9e32c6b40db5511.png 304 Not Modified (34ms)
GET /catalog-products/8662f06eacf0afda.png 304 Not Modified (35ms)
GET /catalog-products/8447d33fbd011d6e.png 304 Not Modified (36ms)
GET /catalog-products/0f7ead04c5806acb.png 304 Not Modified (35ms)
GET /catalog-products/9a0a6cb0f1e2400e.png 304 Not Modified (7ms)
GET /catalog-products/a165200b88a196e0.png 304 Not Modified (8ms)
GET /catalog-products/b7f4b9e0a1d25c62.png 304 Not Modified (8ms)
GET /api/session 200 OK (3ms)
GET /.rsc 200 OK (6ms)
GET /katalog.rsc 200 OK (9ms)
GET /portfolio.rsc 200 OK (38ms)
GET /pro-eshopy.rsc 200 OK (5ms)
GET /catalog-products/ce48c1425078fd68.png 304 Not Modified (8ms)
GET /katalog/ 200 OK (21ms)
GET /assets/index-DtG3hL7m.css 200 OK (3ms)
GET /assets/index-ChhQgeSb.js 200 OK (2ms)
GET /assets/layout-segment-context-Btro8JKq.js 200 OK (2ms)
GET /assets/rolldown-runtime-S-ySWqyJ.js 200 OK (2ms)
GET /assets/framework-CXnKph_e.js 200 OK (2ms)
GET /assets/ScrollNavState-CdgGACkl.js 200 OK (2ms)
GET /assets/CatalogClient-Cli9L1g4.js 200 OK (2ms)
GET /assets/AuthMenu-DLsVU7Dc.js 200 OK (1ms)
GET /assets/link-BXJd9q99.js 200 OK (2ms)
GET /assets/image-Cv66Dk2C.js 200 OK (3ms)
GET /assets/x-C4BxWYRw.js 200 OK (3ms)
GET /assets/Icon-BqjABx61.js 200 OK (3ms)
GET /catalog-products/036d70e8de9736a7.png 304 Not Modified (7ms)
GET /catalog-products/54ffb4d15709ae8b.png 304 Not Modified (2ms)
GET /catalog-products/f9e32c6b40db5511.png 304 Not Modified (7ms)
GET /catalog-products/8662f06eacf0afda.png 304 Not Modified (8ms)
GET /catalog-products/8447d33fbd011d6e.png 304 Not Modified (7ms)
GET /catalog-products/0f7ead04c5806acb.png 304 Not Modified (7ms)
GET /catalog-products/9a0a6cb0f1e2400e.png 304 Not Modified (3ms)
GET /catalog-products/a165200b88a196e0.png 304 Not Modified (2ms)
GET /catalog-products/b7f4b9e0a1d25c62.png 304 Not Modified (2ms)
GET /api/session 200 OK (1ms)
GET /.rsc 200 OK (4ms)
GET /pro-eshopy.rsc 200 OK (44ms)
GET /katalog.rsc 200 OK (8ms)
GET /portfolio.rsc 200 OK (44ms)
GET /catalog-products/eb17002dc70ff654.png 304 Not Modified (15ms)
GET /catalog-products/1c281724741ab59a.png 304 Not Modified (9ms)
GET /catalog-products/1d5bcc7209d238cf.png 304 Not Modified (14ms)
GET /portfolio.rsc 200 OK (26ms)
GET /portfolio.rsc 200 OK (31ms)
GET /portfolio.rsc 200 OK (37ms)
GET /assets/PortfolioClient-BvzzjobN.js 200 OK (2ms)
GET /api/session 200 OK (1ms)
GET /api/session 200 OK (1ms)
GET /.rsc 200 OK (4ms)
GET /katalog.rsc 200 OK (8ms)
GET /portfolio.rsc 200 OK (29ms)
GET /api/portfolio 200 OK (10ms)
GET /pro-eshopy.rsc 200 OK (4ms)
